Build target 'Target 1'
compiling user_menu.c...
linking...
Program Size: Code=20064 RO-data=464 RW-data=40 ZI-data=1272  
FromELF: creating hex file...
".\RFID_PROJECT.axf" - 0 Error(s), 0 Warning(s).
